a:
  b:
    c: decrypted
key-0: decrypted
key-1: decrypted
